OMNeT++ Discrete Event Simulation  (C) 1992-2022 Andras Varga, OpenSim Ltd.
Version: 6.0, build: 220413-71d8fab425, edition: Academic Public License -- NOT FOR COMMERCIAL USE
See the license for distribution terms and warranty disclaimer

Setting up Cmdenv...

Loading NED files from .:  1
Loading NED files from ../inet4.5/src:  1187
Loading NED files from ../inet4.5/examples:  185

Preparing for running configuration General, run #0...
Assigned runID=General-0-20260124-21:39:27-26000
Setting up network "SmartSubstationTopology"...
Initializing...

Running simulation...
** Event #0   t=0   Elapsed: 6e-06s (0m 00s)  0% completed  (0% total)
     Speed:     ev/sec=0   simsec/sec=0   ev/simsec=0
     Messages:  created: 1092   present: 1092   in FES: 43
** Event #84702   t=0.528356487863   Elapsed: 0.313931s (0m 00s)  5% completed  (5% total)
     Speed:     ev/sec=269813   simsec/sec=1.68305   ev/simsec=160312
     Messages:  created: 41374   present: 1105   in FES: 42
opp_run : 
所在位置 行:1 字符: 1
+ opp_run -u Cmdenv -f demo.ini -n ".;../inet4.5/src;../inet4.5/example ...
+ ~~~~~~~~~~~~~~~~~~~~~~~~~~~~~~~~~~~~~~~~~~~~~~~~~~~~~~~~~~~~~~~~~~~~~
    + CategoryInfo          : NotSpecified: (:String) [], RemoteException
    + FullyQualifiedErrorId : NativeCommandError
 
<!> Error: send: total UDP message size exceeds 65535 -- in module (inet::Udp) SmartSubstationTopology.station
B_Camera6.udp (id=1939), at t=0.528356487863s, event #84702
[INFO]	** Signal at T=0.528356487863 to SmartSubstationTopology.stationA_MU.ipv4.routingTable: interfaceStateChanged eth0 ID:101 MTU:1500 UP BROADCAST NOCARRIER MULTICAST macAddr:0A-AA-00-00-00-16 Ipv4:{inet_addr:10.0.0.1/27 mcastgrps:224.0.0.1} changed field: 0
[INFO]	 
[INFO]	** Signal at T=0.528356487863 to SmartSubstationTopology.stationA_MU.ipv4.configurator: interfaceStateChanged eth0 ID:101 MTU:1500 UP BROADCAST NOCARRIER MULTICAST macAddr:0A-AA-00-00-00-16 Ipv4:{inet_addr:10.0.0.1/27 mcastgrps:224.0.0.1} changed field: 0
[INFO]	 
[INFO]	** Signal at T=0.528356487863 to SmartSubstationTopology.stationA_MU.ipv4.routingTable: interfaceConfigChanged eth0 ID:101 MTU:1500 UP BROADCAST NOCARRIER MULTICAST macAddr:0A-AA-00-00-00-16 Ipv4:{inet_addr:10.0.0.1/27 mcastgrps:224.0.0.1} changed field: 10
[INFO]	 
[INFO]	** Signal at T=0.528356487863 to SmartSubstationTopology.stationA_Protection.ipv4.routingTable: interfaceStateChanged eth0 ID:101 MTU:1500 UP BROADCAST NOCARRIER MULTICAST macAddr:0A-AA-00-00-00-17 Ipv4:{inet_addr:10.0.0.2/27 mcastgrps:224.0.0.1} changed field: 0
[INFO]	 
[INFO]	** Signal at T=0.528356487863 to SmartSubstationTopology.stationA_Protection.ipv4.configurator: interfaceStateChanged eth0 ID:101 MTU:1500 UP BROADCAST NOCARRIER MULTICAST macAddr:0A-AA-00-00-00-17 Ipv4:{inet_addr:10.0.0.2/27 mcastgrps:224.0.0.1} changed field: 0
[INFO]	 
[INFO]	** Signal at T=0.528356487863 to SmartSubstationTopology.stationA_Protection.ipv4.routingTable: interfaceConfigChanged eth0 ID:101 MTU:1500 UP BROADCAST NOCARRIER MULTICAST macAddr:0A-AA-00-00-00-17 Ipv4:{inet_addr:10.0.0.2/27 mcastgrps:224.0.0.1} changed field: 10
[INFO]	 
[INFO]	** Signal at T=0.528356487863 to SmartSubstationTopology.stationA_IT.ipv4.routingTable: interfaceStateChanged eth0 ID:101 MTU:1500 UP BROADCAST NOCARRIER MULTICAST macAddr:0A-AA-00-00-00-18 Ipv4:{inet_addr:10.0.0.3/27 mcastgrps:224.0.0.1} changed field: 0
[INFO]	 
[INFO]	** Signal at T=0.528356487863 to SmartSubstationTopology.stationA_IT.ipv4.configurator: interfaceStateChanged eth0 ID:101 MTU:1500 UP BROADCAST NOCARRIER MULTICAST macAddr:0A-AA-00-00-00-18 Ipv4:{inet_addr:10.0.0.3/27 mcastgrps:224.0.0.1} changed field: 0
[INFO]	 
[INFO]	** Signal at T=0.528356487863 to SmartSubstationTopology.stationA_IT.ipv4.routingTable: interfaceConfigChanged eth0 ID:101 MTU:1500 UP BROADCAST NOCARRIER MULTICAST macAddr:0A-AA-00-00-00-18 Ipv4:{inet_addr:10.0.0.3/27 mcastgrps:224.0.0.1} changed field: 10
[INFO]	 
[INFO]	** Signal at T=0.528356487863 to SmartSubstationTopology.stationA_BusProtection_MU1.ipv4.routingTable: interfaceStateChanged eth0 ID:101 MTU:1500 UP BROADCAST NOCARRIER MULTICAST macAddr:0A-AA-00-00-00-19 Ipv4:{inet_addr:10.0.0.4/27 mcastgrps:224.0.0.1} changed field: 0
[INFO]	 
[INFO]	** Signal at T=0.528356487863 to SmartSubstationTopology.stationA_BusProtection_MU1.ipv4.configurator: interfaceStateChanged eth0 ID:101 MTU:1500 UP BROADCAST NOCARRIER MULTICAST macAddr:0A-AA-00-00-00-19 Ipv4:{inet_addr:10.0.0.4/27 mcastgrps:224.0.0.1} changed field: 0
[INFO]	 
[INFO]	** Signal at T=0.528356487863 to SmartSubstationTopology.stationA_BusProtection_MU1.ipv4.routingTable: interfaceConfigChanged eth0 ID:101 MTU:1500 UP BROADCAST NOCARRIER MULTICAST macAddr:0A-AA-00-00-00-19 Ipv4:{inet_addr:10.0.0.4/27 mcastgrps:224.0.0.1} changed field: 10
[INFO]	 
[INFO]	** Signal at T=0.528356487863 to SmartSubstationTopology.stationA_BusProtection_MU2.ipv4.routingTable: interfaceStateChanged eth0 ID:101 MTU:1500 UP BROADCAST NOCARRIER MULTICAST macAddr:0A-AA-00-00-00-1A Ipv4:{inet_addr:10.0.0.5/27 mcastgrps:224.0.0.1} changed field: 0
[INFO]	 
[INFO]	** Signal at T=0.528356487863 to SmartSubstationTopology.stationA_BusProtection_MU2.ipv4.configurator: interfaceStateChanged eth0 ID:101 MTU:1500 UP BROADCAST NOCARRIER MULTICAST macAddr:0A-AA-00-00-00-1A Ipv4:{inet_addr:10.0.0.5/27 mcastgrps:224.0.0.1} changed field: 0
[INFO]	 
[INFO]	** Signal at T=0.528356487863 to SmartSubstationTopology.stationA_BusProtection_MU2.ipv4.routingTable: interfaceConfigChanged eth0 ID:101 MTU:1500 UP BROADCAST NOCARRIER MULTICAST macAddr:0A-AA-00-00-00-1A Ipv4:{inet_addr:10.0.0.5/27 mcastgrps:224.0.0.1} changed field: 10
[INFO]	 
[INFO]	** Signal at T=0.528356487863 to SmartSubstationTopology.stationA_BusProtection_MU3.ipv4.routingTable: interfaceStateChanged eth0 ID:101 MTU:1500 UP BROADCAST NOCARRIER MULTICAST macAddr:0A-AA-00-00-00-1B Ipv4:{inet_addr:10.0.0.6/27 mcastgrps:224.0.0.1} changed field: 0
[INFO]	 
[INFO]	** Signal at T=0.528356487863 to SmartSubstationTopology.stationA_BusProtection_MU3.ipv4.configurator: interfaceStateChanged eth0 ID:101 MTU:1500 UP BROADCAST NOCARRIER MULTICAST macAddr:0A-AA-00-00-00-1B Ipv4:{inet_addr:10.0.0.6/27 mcastgrps:224.0.0.1} changed field: 0
[INFO]	 
[INFO]	** Signal at T=0.528356487863 to SmartSubstationTopology.stationA_BusProtection_MU3.ipv4.routingTable: interfaceConfigChanged eth0 ID:101 MTU:1500 UP BROADCAST NOCARRIER MULTICAST macAddr:0A-AA-00-00-00-1B Ipv4:{inet_addr:10.0.0.6/27 mcastgrps:224.0.0.1} changed field: 10
[INFO]	 
[INFO]	** Signal at T=0.528356487863 to SmartSubstationTopology.stationA_BusProtection.ipv4.routingTable: interfaceStateChanged eth0 ID:101 MTU:1500 UP BROADCAST NOCARRIER MULTICAST macAddr:0A-AA-00-00-00-1C Ipv4:{inet_addr:10.0.0.7/27 mcastgrps:224.0.0.1} changed field: 0
[INFO]	 
[INFO]	** Signal at T=0.528356487863 to SmartSubstationTopology.stationA_BusProtection.ipv4.configurator: interfaceStateChanged eth0 ID:101 MTU:1500 UP BROADCAST NOCARRIER MULTICAST macAddr:0A-AA-00-00-00-1C Ipv4:{inet_addr:10.0.0.7/27 mcastgrps:224.0.0.1} changed field: 0
[INFO]	 
[INFO]	** Signal at T=0.528356487863 to SmartSubstationTopology.stationA_BusProtection.ipv4.routingTable: interfaceConfigChanged eth0 ID:101 MTU:1500 UP BROADCAST NOCARRIER MULTICAST macAddr:0A-AA-00-00-00-1C Ipv4:{inet_addr:10.0.0.7/27 mcastgrps:224.0.0.1} changed field: 10
[INFO]	 
[INFO]	** Signal at T=0.528356487863 to SmartSubstationTopology.stationA_Camera1.ipv4.routingTable: interfaceStateChanged eth0 ID:101 MTU:1500 UP BROADCAST NOCARRIER MULTICAST macAddr:0A-AA-00-00-00-1D Ipv4:{inet_addr:10.0.0.8/27 mcastgrps:224.0.0.1} changed field: 0
[INFO]	 
[INFO]	** Signal at T=0.528356487863 to SmartSubstationTopology.stationA_Camera1.ipv4.configurator: interfaceStateChanged eth0 ID:101 MTU:1500 UP BROADCAST NOCARRIER MULTICAST macAddr:0A-AA-00-00-00-1D Ipv4:{inet_addr:10.0.0.8/27 mcastgrps:224.0.0.1} changed field: 0
[INFO]	 
[INFO]	** Signal at T=0.528356487863 to SmartSubstationTopology.stationA_Camera1.ipv4.routingTable: interfaceConfigChanged eth0 ID:101 MTU:1500 UP BROADCAST NOCARRIER MULTICAST macAddr:0A-AA-00-00-00-1D Ipv4:{inet_addr:10.0.0.8/27 mcastgrps:224.0.0.1} changed field: 10
[INFO]	 
[INFO]	** Signal at T=0.528356487863 to SmartSubstationTopology.stationA_Camera2.ipv4.routingTable: interfaceStateChanged eth0 ID:101 MTU:1500 UP BROADCAST NOCARRIER MULTICAST macAddr:0A-AA-00-00-00-1E Ipv4:{inet_addr:10.0.0.9/27 mcastgrps:224.0.0.1} changed field: 0
[INFO]	 
[INFO]	** Signal at T=0.528356487863 to SmartSubstationTopology.stationA_Camera2.ipv4.configurator: interfaceStateChanged eth0 ID:101 MTU:1500 UP BROADCAST NOCARRIER MULTICAST macAddr:0A-AA-00-00-00-1E Ipv4:{inet_addr:10.0.0.9/27 mcastgrps:224.0.0.1} changed field: 0
[INFO]	 
[INFO]	** Signal at T=0.528356487863 to SmartSubstationTopology.stationA_Camera2.ipv4.routingTable: interfaceConfigChanged eth0 ID:101 MTU:1500 UP BROADCAST NOCARRIER MULTICAST macAddr:0A-AA-00-00-00-1E Ipv4:{inet_addr:10.0.0.9/27 mcastgrps:224.0.0.1} changed field: 10
[INFO]	 
[INFO]	** Signal at T=0.528356487863 to SmartSubstationTopology.stationA_Camera3.ipv4.routingTable: interfaceStateChanged eth0 ID:101 MTU:1500 UP BROADCAST NOCARRIER MULTICAST macAddr:0A-AA-00-00-00-1F Ipv4:{inet_addr:10.0.0.10/27 mcastgrps:224.0.0.1} changed field: 0
[INFO]	 
[INFO]	** Signal at T=0.528356487863 to SmartSubstationTopology.stationA_Camera3.ipv4.configurator: interfaceStateChanged eth0 ID:101 MTU:1500 UP BROADCAST NOCARRIER MULTICAST macAddr:0A-AA-00-00-00-1F Ipv4:{inet_addr:10.0.0.10/27 mcastgrps:224.0.0.1} changed field: 0
[INFO]	 
[INFO]	** Signal at T=0.528356487863 to SmartSubstationTopology.stationA_Camera3.ipv4.routingTable: interfaceConfigChanged eth0 ID:101 MTU:1500 UP BROADCAST NOCARRIER MULTICAST macAddr:0A-AA-00-00-00-1F Ipv4:{inet_addr:10.0.0.10/27 mcastgrps:224.0.0.1} changed field: 10
[INFO]	 
[INFO]	** Signal at T=0.528356487863 to SmartSubstationTopology.stationA_Camera4.ipv4.routingTable: interfaceStateChanged eth0 ID:101 MTU:1500 UP BROADCAST NOCARRIER MULTICAST macAddr:0A-AA-00-00-00-20 Ipv4:{inet_addr:10.0.0.11/27 mcastgrps:224.0.0.1} changed field: 0
[INFO]	 
[INFO]	** Signal at T=0.528356487863 to SmartSubstationTopology.stationA_Camera4.ipv4.configurator: interfaceStateChanged eth0 ID:101 MTU:1500 UP BROADCAST NOCARRIER MULTICAST macAddr:0A-AA-00-00-00-20 Ipv4:{inet_addr:10.0.0.11/27 mcastgrps:224.0.0.1} changed field: 0
[INFO]	 
[INFO]	** Signal at T=0.528356487863 to SmartSubstationTopology.stationA_Camera4.ipv4.routingTable: interfaceConfigChanged eth0 ID:101 MTU:1500 UP BROADCAST NOCARRIER MULTICAST macAddr:0A-AA-00-00-00-20 Ipv4:{inet_addr:10.0.0.11/27 mcastgrps:224.0.0.1} changed field: 10
[INFO]	 
[INFO]	** Signal at T=0.528356487863 to SmartSubstationTopology.stationA_Camera5.ipv4.routingTable: interfaceStateChanged eth0 ID:101 MTU:1500 UP BROADCAST NOCARRIER MULTICAST macAddr:0A-AA-00-00-00-21 Ipv4:{inet_addr:10.0.0.12/27 mcastgrps:224.0.0.1} changed field: 0
[INFO]	 
[INFO]	** Signal at T=0.528356487863 to SmartSubstationTopology.stationA_Camera5.ipv4.configurator: interfaceStateChanged eth0 ID:101 MTU:1500 UP BROADCAST NOCARRIER MULTICAST macAddr:0A-AA-00-00-00-21 Ipv4:{inet_addr:10.0.0.12/27 mcastgrps:224.0.0.1} changed field: 0
[INFO]	 
[INFO]	** Signal at T=0.528356487863 to SmartSubstationTopology.stationA_Camera5.ipv4.routingTable: interfaceConfigChanged eth0 ID:101 MTU:1500 UP BROADCAST NOCARRIER MULTICAST macAddr:0A-AA-00-00-00-21 Ipv4:{inet_addr:10.0.0.12/27 mcastgrps:224.0.0.1} changed field: 10
[INFO]	 
[INFO]	** Signal at T=0.528356487863 to SmartSubstationTopology.stationA_Camera6.ipv4.routingTable: interfaceStateChanged eth0 ID:101 MTU:1500 UP BROADCAST NOCARRIER MULTICAST macAddr:0A-AA-00-00-00-22 Ipv4:{inet_addr:10.0.0.13/27 mcastgrps:224.0.0.1} changed field: 0
[INFO]	 
[INFO]	** Signal at T=0.528356487863 to SmartSubstationTopology.stationA_Camera6.ipv4.configurator: interfaceStateChanged eth0 ID:101 MTU:1500 UP BROADCAST NOCARRIER MULTICAST macAddr:0A-AA-00-00-00-22 Ipv4:{inet_addr:10.0.0.13/27 mcastgrps:224.0.0.1} changed field: 0
[INFO]	 
[INFO]	** Signal at T=0.528356487863 to SmartSubstationTopology.stationA_Camera6.ipv4.routingTable: interfaceConfigChanged eth0 ID:101 MTU:1500 UP BROADCAST NOCARRIER MULTICAST macAddr:0A-AA-00-00-00-22 Ipv4:{inet_addr:10.0.0.13/27 mcastgrps:224.0.0.1} changed field: 10
[INFO]	 
[INFO]	** Signal at T=0.528356487863 to SmartSubstationTopology.stationA_Camera7.ipv4.routingTable: interfaceStateChanged eth0 ID:101 MTU:1500 UP BROADCAST NOCARRIER MULTICAST macAddr:0A-AA-00-00-00-23 Ipv4:{inet_addr:10.0.0.14/27 mcastgrps:224.0.0.1} changed field: 0
[INFO]	 
[INFO]	** Signal at T=0.528356487863 to SmartSubstationTopology.stationA_Camera7.ipv4.configurator: interfaceStateChanged eth0 ID:101 MTU:1500 UP BROADCAST NOCARRIER MULTICAST macAddr:0A-AA-00-00-00-23 Ipv4:{inet_addr:10.0.0.14/27 mcastgrps:224.0.0.1} changed field: 0
[INFO]	 
[INFO]	** Signal at T=0.528356487863 to SmartSubstationTopology.stationA_Camera7.ipv4.routingTable: interfaceConfigChanged eth0 ID:101 MTU:1500 UP BROADCAST NOCARRIER MULTICAST macAddr:0A-AA-00-00-00-23 Ipv4:{inet_addr:10.0.0.14/27 mcastgrps:224.0.0.1} changed field: 10
[INFO]	 
[INFO]	** Signal at T=0.528356487863 to SmartSubstationTopology.stationA_Camera8.ipv4.routingTable: interfaceStateChanged eth0 ID:101 MTU:1500 UP BROADCAST NOCARRIER MULTICAST macAddr:0A-AA-00-00-00-24 Ipv4:{inet_addr:10.0.0.15/27 mcastgrps:224.0.0.1} changed field: 0
[INFO]	 
[INFO]	** Signal at T=0.528356487863 to SmartSubstationTopology.stationA_Camera8.ipv4.configurator: interfaceStateChanged eth0 ID:101 MTU:1500 UP BROADCAST NOCARRIER MULTICAST macAddr:0A-AA-00-00-00-24 Ipv4:{inet_addr:10.0.0.15/27 mcastgrps:224.0.0.1} changed field: 0
[INFO]	 
[INFO]	** Signal at T=0.528356487863 to SmartSubstationTopology.stationA_Camera8.ipv4.routingTable: interfaceConfigChanged eth0 ID:101 MTU:1500 UP BROADCAST NOCARRIER MULTICAST macAddr:0A-AA-00-00-00-24 Ipv4:{inet_addr:10.0.0.15/27 mcastgrps:224.0.0.1} changed field: 10
[INFO]	 
[INFO]	** Signal at T=0.528356487863 to SmartSubstationTopology.stationA_Camera9.ipv4.routingTable: interfaceStateChanged eth0 ID:101 MTU:1500 UP BROADCAST NOCARRIER MULTICAST macAddr:0A-AA-00-00-00-25 Ipv4:{inet_addr:10.0.0.16/27 mcastgrps:224.0.0.1} changed field: 0
[INFO]	 
[INFO]	** Signal at T=0.528356487863 to SmartSubstationTopology.stationA_Camera9.ipv4.configurator: interfaceStateChanged eth0 ID:101 MTU:1500 UP BROADCAST NOCARRIER MULTICAST macAddr:0A-AA-00-00-00-25 Ipv4:{inet_addr:10.0.0.16/27 mcastgrps:224.0.0.1} changed field: 0
[INFO]	 
[INFO]	** Signal at T=0.528356487863 to SmartSubstationTopology.stationA_Camera9.ipv4.routingTable: interfaceConfigChanged eth0 ID:101 MTU:1500 UP BROADCAST NOCARRIER MULTICAST macAddr:0A-AA-00-00-00-25 Ipv4:{inet_addr:10.0.0.16/27 mcastgrps:224.0.0.1} changed field: 10
[INFO]	 
[INFO]	** Signal at T=0.528356487863 to SmartSubstationTopology.stationA_Camera10.ipv4.routingTable: interfaceStateChanged eth0 ID:101 MTU:1500 UP BROADCAST NOCARRIER MULTICAST macAddr:0A-AA-00-00-00-26 Ipv4:{inet_addr:10.0.0.17/27 mcastgrps:224.0.0.1} changed field: 0
[INFO]	 
[INFO]	** Signal at T=0.528356487863 to SmartSubstationTopology.stationA_Camera10.ipv4.configurator: interfaceStateChanged eth0 ID:101 MTU:1500 UP BROADCAST NOCARRIER MULTICAST macAddr:0A-AA-00-00-00-26 Ipv4:{inet_addr:10.0.0.17/27 mcastgrps:224.0.0.1} changed field: 0
[INFO]	 
[INFO]	** Signal at T=0.528356487863 to SmartSubstationTopology.stationA_Camera10.ipv4.routingTable: interfaceConfigChanged eth0 ID:101 MTU:1500 UP BROADCAST NOCARRIER MULTICAST macAddr:0A-AA-00-00-00-26 Ipv4:{inet_addr:10.0.0.17/27 mcastgrps:224.0.0.1} changed field: 10
[INFO]	 
[INFO]	** Signal at T=0.528356487863 to SmartSubstationTopology.stationA_VoIP1.ipv4.routingTable: interfaceStateChanged eth0 ID:101 MTU:1500 UP BROADCAST NOCARRIER MULTICAST macAddr:0A-AA-00-00-00-27 Ipv4:{inet_addr:10.0.0.18/27 mcastgrps:224.0.0.1} changed field: 0
[INFO]	 
[INFO]	** Signal at T=0.528356487863 to SmartSubstationTopology.stationA_VoIP1.ipv4.configurator: interfaceStateChanged eth0 ID:101 MTU:1500 UP BROADCAST NOCARRIER MULTICAST macAddr:0A-AA-00-00-00-27 Ipv4:{inet_addr:10.0.0.18/27 mcastgrps:224.0.0.1} changed field: 0
[INFO]	 
[INFO]	** Signal at T=0.528356487863 to SmartSubstationTopology.stationA_VoIP1.ipv4.routingTable: interfaceConfigChanged eth0 ID:101 MTU:1500 UP BROADCAST NOCARRIER MULTICAST macAddr:0A-AA-00-00-00-27 Ipv4:{inet_addr:10.0.0.18/27 mcastgrps:224.0.0.1} changed field: 10
[INFO]	 
[INFO]	** Signal at T=0.528356487863 to SmartSubstationTopology.stationA_VoIP2.ipv4.routingTable: interfaceStateChanged eth0 ID:101 MTU:1500 UP BROADCAST NOCARRIER MULTICAST macAddr:0A-AA-00-00-00-28 Ipv4:{inet_addr:10.0.0.19/27 mcastgrps:224.0.0.1} changed field: 0
[INFO]	 
[INFO]	** Signal at T=0.528356487863 to SmartSubstationTopology.stationA_VoIP2.ipv4.configurator: interfaceStateChanged eth0 ID:101 MTU:1500 UP BROADCAST NOCARRIER MULTICAST macAddr:0A-AA-00-00-00-28 Ipv4:{inet_addr:10.0.0.19/27 mcastgrps:224.0.0.1} changed field: 0
[INFO]	 
[INFO]	** Signal at T=0.528356487863 to SmartSubstationTopology.stationA_VoIP2.ipv4.routingTable: interfaceConfigChanged eth0 ID:101 MTU:1500 UP BROADCAST NOCARRIER MULTICAST macAddr:0A-AA-00-00-00-28 Ipv4:{inet_addr:10.0.0.19/27 mcastgrps:224.0.0.1} changed field: 10
[INFO]	 
[INFO]	** Signal at T=0.528356487863 to SmartSubstationTopology.stationA_OMServer.ipv4.routingTable: interfaceStateChanged eth0 ID:101 MTU:1500 UP BROADCAST NOCARRIER MULTICAST macAddr:0A-AA-00-00-00-29 Ipv4:{inet_addr:10.0.0.20/27 mcastgrps:224.0.0.1} changed field: 0
[INFO]	 
[INFO]	** Signal at T=0.528356487863 to SmartSubstationTopology.stationA_OMServer.ipv4.configurator: interfaceStateChanged eth0 ID:101 MTU:1500 UP BROADCAST NOCARRIER MULTICAST macAddr:0A-AA-00-00-00-29 Ipv4:{inet_addr:10.0.0.20/27 mcastgrps:224.0.0.1} changed field: 0
[INFO]	 
[INFO]	** Signal at T=0.528356487863 to SmartSubstationTopology.stationA_OMServer.ipv4.routingTable: interfaceConfigChanged eth0 ID:101 MTU:1500 UP BROADCAST NOCARRIER MULTICAST macAddr:0A-AA-00-00-00-29 Ipv4:{inet_addr:10.0.0.20/27 mcastgrps:224.0.0.1} changed field: 10
[INFO]	 
[INFO]	** Signal at T=0.528356487863 to SmartSubstationTopology.borderGateway1.ipv4.routingTable: interfaceStateChanged eth0 ID:102 MTU:1500 UP BROADCAST NOCARRIER MULTICAST macAddr:0A-AA-00-00-00-53 Ipv4:{inet_addr:10.0.0.21/27 mcastgrps:224.0.0.1,224.0.0.2} changed field: 0
[INFO]	 
[INFO]	** Signal at T=0.528356487863 to SmartSubstationTopology.borderGateway1.ipv4.configurator: interfaceStateChanged eth0 ID:102 MTU:1500 UP BROADCAST NOCARRIER MULTICAST macAddr:0A-AA-00-00-00-53 Ipv4:{inet_addr:10.0.0.21/27 mcastgrps:224.0.0.1,224.0.0.2} changed field: 0
[INFO]	 
[INFO]	** Signal at T=0.528356487863 to SmartSubstationTopology.borderGateway1.ipv4.routingTable: interfaceConfigChanged eth0 ID:102 MTU:1500 UP BROADCAST NOCARRIER MULTICAST macAddr:0A-AA-00-00-00-53 Ipv4:{inet_addr:10.0.0.21/27 mcastgrps:224.0.0.1,224.0.0.2} changed field: 10
[INFO]	 
[INFO]	Clear all sockets
[INFO]	Clear all sockets
[INFO]	Clear all sockets
[INFO]	Clear all sockets
[INFO]	Clear all sockets
[INFO]	Clear all sockets
[INFO]	Clear all sockets
[INFO]	Clear all sockets
[INFO]	Clear all sockets
[INFO]	Clear all sockets
[INFO]	Clear all sockets
[INFO]	Clear all sockets
[INFO]	Clear all sockets
[INFO]	Clear all sockets
[INFO]	Clear all sockets
[INFO]	Clear all sockets
[INFO]	Clear all sockets
[INFO]	Clear all sockets
[INFO]	Clear all sockets
[INFO]	Clear all sockets
[INFO]	** Signal at T=0.528356487863 to SmartSubstationTopology.stationB_MU.ipv4.routingTable: interfaceStateChanged eth0 ID:101 MTU:1500 UP BROADCAST NOCARRIER MULTICAST macAddr:0A-AA-00-00-00-3F Ipv4:{inet_addr:10.0.0.33/27 mcastgrps:224.0.0.1} changed field: 0
[INFO]	 
[INFO]	** Signal at T=0.528356487863 to SmartSubstationTopology.stationB_MU.ipv4.configurator: interfaceStateChanged eth0 ID:101 MTU:1500 UP BROADCAST NOCARRIER MULTICAST macAddr:0A-AA-00-00-00-3F Ipv4:{inet_addr:10.0.0.33/27 mcastgrps:224.0.0.1} changed field: 0
[INFO]	 
[INFO]	** Signal at T=0.528356487863 to SmartSubstationTopology.stationB_MU.ipv4.routingTable: interfaceConfigChanged eth0 ID:101 MTU:1500 UP BROADCAST NOCARRIER MULTICAST macAddr:0A-AA-00-00-00-3F Ipv4:{inet_addr:10.0.0.33/27 mcastgrps:224.0.0.1} changed field: 10
[INFO]	 
[INFO]	** Signal at T=0.528356487863 to SmartSubstationTopology.stationB_Protection.ipv4.routingTable: interfaceStateChanged eth0 ID:101 MTU:1500 UP BROADCAST NOCARRIER MULTICAST macAddr:0A-AA-00-00-00-40 Ipv4:{inet_addr:10.0.0.34/27 mcastgrps:224.0.0.1} changed field: 0
[INFO]	 
[INFO]	** Signal at T=0.528356487863 to SmartSubstationTopology.stationB_Protection.ipv4.configurator: interfaceStateChanged eth0 ID:101 MTU:1500 UP BROADCAST NOCARRIER MULTICAST macAddr:0A-AA-00-00-00-40 Ipv4:{inet_addr:10.0.0.34/27 mcastgrps:224.0.0.1} changed field: 0
[INFO]	 
[INFO]	** Signal at T=0.528356487863 to SmartSubstationTopology.stationB_Protection.ipv4.routingTable: interfaceConfigChanged eth0 ID:101 MTU:1500 UP BROADCAST NOCARRIER MULTICAST macAddr:0A-AA-00-00-00-40 Ipv4:{inet_addr:10.0.0.34/27 mcastgrps:224.0.0.1} changed field: 10
[INFO]	 
[INFO]	** Signal at T=0.528356487863 to SmartSubstationTopology.stationB_IT.ipv4.routingTable: interfaceStateChanged eth0 ID:101 MTU:1500 UP BROADCAST NOCARRIER MULTICAST macAddr:0A-AA-00-00-00-41 Ipv4:{inet_addr:10.0.0.35/27 mcastgrps:224.0.0.1} changed field: 0
[INFO]	 
[INFO]	** Signal at T=0.528356487863 to SmartSubstationTopology.stationB_IT.ipv4.configurator: interfaceStateChanged eth0 ID:101 MTU:1500 UP BROADCAST NOCARRIER MULTICAST macAddr:0A-AA-00-00-00-41 Ipv4:{inet_addr:10.0.0.35/27 mcastgrps:224.0.0.1} changed field: 0
[INFO]	 
[INFO]	** Signal at T=0.528356487863 to SmartSubstationTopology.stationB_IT.ipv4.routingTable: interfaceConfigChanged eth0 ID:101 MTU:1500 UP BROADCAST NOCARRIER MULTICAST macAddr:0A-AA-00-00-00-41 Ipv4:{inet_addr:10.0.0.35/27 mcastgrps:224.0.0.1} changed field: 10
[INFO]	 
[INFO]	** Signal at T=0.528356487863 to SmartSubstationTopology.stationB_BusProtection_MU1.ipv4.routingTable: interfaceStateChanged eth0 ID:101 MTU:1500 UP BROADCAST NOCARRIER MULTICAST macAddr:0A-AA-00-00-00-42 Ipv4:{inet_addr:10.0.0.36/27 mcastgrps:224.0.0.1} changed field: 0
[INFO]	 
[INFO]	** Signal at T=0.528356487863 to SmartSubstationTopology.stationB_BusProtection_MU1.ipv4.configurator: interfaceStateChanged eth0 ID:101 MTU:1500 UP BROADCAST NOCARRIER MULTICAST macAddr:0A-AA-00-00-00-42 Ipv4:{inet_addr:10.0.0.36/27 mcastgrps:224.0.0.1} changed field: 0
[INFO]	 
[INFO]	** Signal at T=0.528356487863 to SmartSubstationTopology.stationB_BusProtection_MU1.ipv4.routingTable: interfaceConfigChanged eth0 ID:101 MTU:1500 UP BROADCAST NOCARRIER MULTICAST macAddr:0A-AA-00-00-00-42 Ipv4:{inet_addr:10.0.0.36/27 mcastgrps:224.0.0.1} changed field: 10
[INFO]	 
[INFO]	** Signal at T=0.528356487863 to SmartSubstationTopology.stationB_BusProtection_MU2.ipv4.routingTable: interfaceStateChanged eth0 ID:101 MTU:1500 UP BROADCAST NOCARRIER MULTICAST macAddr:0A-AA-00-00-00-43 Ipv4:{inet_addr:10.0.0.37/27 mcastgrps:224.0.0.1} changed field: 0
[INFO]	 
[INFO]	** Signal at T=0.528356487863 to SmartSubstationTopology.stationB_BusProtection_MU2.ipv4.configurator: interfaceStateChanged eth0 ID:101 MTU:1500 UP BROADCAST NOCARRIER MULTICAST macAddr:0A-AA-00-00-00-43 Ipv4:{inet_addr:10.0.0.37/27 mcastgrps:224.0.0.1} changed field: 0
[INFO]	 
[INFO]	** Signal at T=0.528356487863 to SmartSubstationTopology.stationB_BusProtection_MU2.ipv4.routingTable: interfaceConfigChanged eth0 ID:101 MTU:1500 UP BROADCAST NOCARRIER MULTICAST macAddr:0A-AA-00-00-00-43 Ipv4:{inet_addr:10.0.0.37/27 mcastgrps:224.0.0.1} changed field: 10
[INFO]	 
[INFO]	** Signal at T=0.528356487863 to SmartSubstationTopology.stationB_BusProtection_MU3.ipv4.routingTable: interfaceStateChanged eth0 ID:101 MTU:1500 UP BROADCAST NOCARRIER MULTICAST macAddr:0A-AA-00-00-00-44 Ipv4:{inet_addr:10.0.0.38/27 mcastgrps:224.0.0.1} changed field: 0
[INFO]	 
[INFO]	** Signal at T=0.528356487863 to SmartSubstationTopology.stationB_BusProtection_MU3.ipv4.configurator: interfaceStateChanged eth0 ID:101 MTU:1500 UP BROADCAST NOCARRIER MULTICAST macAddr:0A-AA-00-00-00-44 Ipv4:{inet_addr:10.0.0.38/27 mcastgrps:224.0.0.1} changed field: 0
[INFO]	 
[INFO]	** Signal at T=0.528356487863 to SmartSubstationTopology.stationB_BusProtection_MU3.ipv4.routingTable: interfaceConfigChanged eth0 ID:101 MTU:1500 UP BROADCAST NOCARRIER MULTICAST macAddr:0A-AA-00-00-00-44 Ipv4:{inet_addr:10.0.0.38/27 mcastgrps:224.0.0.1} changed field: 10
[INFO]	 
[INFO]	** Signal at T=0.528356487863 to SmartSubstationTopology.stationB_BusProtection.ipv4.routingTable: interfaceStateChanged eth0 ID:101 MTU:1500 UP BROADCAST NOCARRIER MULTICAST macAddr:0A-AA-00-00-00-45 Ipv4:{inet_addr:10.0.0.39/27 mcastgrps:224.0.0.1} changed field: 0
[INFO]	 
[INFO]	** Signal at T=0.528356487863 to SmartSubstationTopology.stationB_BusProtection.ipv4.configurator: interfaceStateChanged eth0 ID:101 MTU:1500 UP BROADCAST NOCARRIER MULTICAST macAddr:0A-AA-00-00-00-45 Ipv4:{inet_addr:10.0.0.39/27 mcastgrps:224.0.0.1} changed field: 0
[INFO]	 
[INFO]	** Signal at T=0.528356487863 to SmartSubstationTopology.stationB_BusProtection.ipv4.routingTable: interfaceConfigChanged eth0 ID:101 MTU:1500 UP BROADCAST NOCARRIER MULTICAST macAddr:0A-AA-00-00-00-45 Ipv4:{inet_addr:10.0.0.39/27 mcastgrps:224.0.0.1} changed field: 10
[INFO]	 
[INFO]	** Signal at T=0.528356487863 to SmartSubstationTopology.stationB_Camera1.ipv4.routingTable: interfaceStateChanged eth0 ID:101 MTU:1500 UP BROADCAST NOCARRIER MULTICAST macAddr:0A-AA-00-00-00-46 Ipv4:{inet_addr:10.0.0.40/27 mcastgrps:224.0.0.1} changed field: 0
[INFO]	 
[INFO]	** Signal at T=0.528356487863 to SmartSubstationTopology.stationB_Camera1.ipv4.configurator: interfaceStateChanged eth0 ID:101 MTU:1500 UP BROADCAST NOCARRIER MULTICAST macAddr:0A-AA-00-00-00-46 Ipv4:{inet_addr:10.0.0.40/27 mcastgrps:224.0.0.1} changed field: 0
[INFO]	 
[INFO]	** Signal at T=0.528356487863 to SmartSubstationTopology.stationB_Camera1.ipv4.routingTable: interfaceConfigChanged eth0 ID:101 MTU:1500 UP BROADCAST NOCARRIER MULTICAST macAddr:0A-AA-00-00-00-46 Ipv4:{inet_addr:10.0.0.40/27 mcastgrps:224.0.0.1} changed field: 10
[INFO]	 
[INFO]	** Signal at T=0.528356487863 to SmartSubstationTopology.stationB_Camera2.ipv4.routingTable: interfaceStateChanged eth0 ID:101 MTU:1500 UP BROADCAST NOCARRIER MULTICAST macAddr:0A-AA-00-00-00-47 Ipv4:{inet_addr:10.0.0.41/27 mcastgrps:224.0.0.1} changed field: 0
[INFO]	 
[INFO]	** Signal at T=0.528356487863 to SmartSubstationTopology.stationB_Camera2.ipv4.configurator: interfaceStateChanged eth0 ID:101 MTU:1500 UP BROADCAST NOCARRIER MULTICAST macAddr:0A-AA-00-00-00-47 Ipv4:{inet_addr:10.0.0.41/27 mcastgrps:224.0.0.1} changed field: 0
[INFO]	 
[INFO]	** Signal at T=0.528356487863 to SmartSubstationTopology.stationB_Camera2.ipv4.routingTable: interfaceConfigChanged eth0 ID:101 MTU:1500 UP BROADCAST NOCARRIER MULTICAST macAddr:0A-AA-00-00-00-47 Ipv4:{inet_addr:10.0.0.41/27 mcastgrps:224.0.0.1} changed field: 10
[INFO]	 
[INFO]	** Signal at T=0.528356487863 to SmartSubstationTopology.stationB_Camera3.ipv4.routingTable: interfaceStateChanged eth0 ID:101 MTU:1500 UP BROADCAST NOCARRIER MULTICAST macAddr:0A-AA-00-00-00-48 Ipv4:{inet_addr:10.0.0.42/27 mcastgrps:224.0.0.1} changed field: 0
[INFO]	 
[INFO]	** Signal at T=0.528356487863 to SmartSubstationTopology.stationB_Camera3.ipv4.configurator: interfaceStateChanged eth0 ID:101 MTU:1500 UP BROADCAST NOCARRIER MULTICAST macAddr:0A-AA-00-00-00-48 Ipv4:{inet_addr:10.0.0.42/27 mcastgrps:224.0.0.1} changed field: 0
[INFO]	 
[INFO]	** Signal at T=0.528356487863 to SmartSubstationTopology.stationB_Camera3.ipv4.routingTable: interfaceConfigChanged eth0 ID:101 MTU:1500 UP BROADCAST NOCARRIER MULTICAST macAddr:0A-AA-00-00-00-48 Ipv4:{inet_addr:10.0.0.42/27 mcastgrps:224.0.0.1} changed field: 10
[INFO]	 
[INFO]	** Signal at T=0.528356487863 to SmartSubstationTopology.stationB_Camera4.ipv4.routingTable: interfaceStateChanged eth0 ID:101 MTU:1500 UP BROADCAST NOCARRIER MULTICAST macAddr:0A-AA-00-00-00-49 Ipv4:{inet_addr:10.0.0.43/27 mcastgrps:224.0.0.1} changed field: 0
[INFO]	 
[INFO]	** Signal at T=0.528356487863 to SmartSubstationTopology.stationB_Camera4.ipv4.configurator: interfaceStateChanged eth0 ID:101 MTU:1500 UP BROADCAST NOCARRIER MULTICAST macAddr:0A-AA-00-00-00-49 Ipv4:{inet_addr:10.0.0.43/27 mcastgrps:224.0.0.1} changed field: 0
[INFO]	 
[INFO]	** Signal at T=0.528356487863 to SmartSubstationTopology.stationB_Camera4.ipv4.routingTable: interfaceConfigChanged eth0 ID:101 MTU:1500 UP BROADCAST NOCARRIER MULTICAST macAddr:0A-AA-00-00-00-49 Ipv4:{inet_addr:10.0.0.43/27 mcastgrps:224.0.0.1} changed field: 10
[INFO]	 
[INFO]	** Signal at T=0.528356487863 to SmartSubstationTopology.stationB_Camera5.ipv4.routingTable: interfaceStateChanged eth0 ID:101 MTU:1500 UP BROADCAST NOCARRIER MULTICAST macAddr:0A-AA-00-00-00-4A Ipv4:{inet_addr:10.0.0.44/27 mcastgrps:224.0.0.1} changed field: 0
[INFO]	 
[INFO]	** Signal at T=0.528356487863 to SmartSubstationTopology.stationB_Camera5.ipv4.configurator: interfaceStateChanged eth0 ID:101 MTU:1500 UP BROADCAST NOCARRIER MULTICAST macAddr:0A-AA-00-00-00-4A Ipv4:{inet_addr:10.0.0.44/27 mcastgrps:224.0.0.1} changed field: 0
[INFO]	 
[INFO]	** Signal at T=0.528356487863 to SmartSubstationTopology.stationB_Camera5.ipv4.routingTable: interfaceConfigChanged eth0 ID:101 MTU:1500 UP BROADCAST NOCARRIER MULTICAST macAddr:0A-AA-00-00-00-4A Ipv4:{inet_addr:10.0.0.44/27 mcastgrps:224.0.0.1} changed field: 10
[INFO]	 
[INFO]	** Signal at T=0.528356487863 to SmartSubstationTopology.stationB_Camera6.ipv4.routingTable: interfaceStateChanged eth0 ID:101 MTU:1500 UP BROADCAST NOCARRIER MULTICAST macAddr:0A-AA-00-00-00-4B Ipv4:{inet_addr:10.0.0.45/27 mcastgrps:224.0.0.1} changed field: 0
[INFO]	 
[INFO]	** Signal at T=0.528356487863 to SmartSubstationTopology.stationB_Camera6.ipv4.configurator: interfaceStateChanged eth0 ID:101 MTU:1500 UP BROADCAST NOCARRIER MULTICAST macAddr:0A-AA-00-00-00-4B Ipv4:{inet_addr:10.0.0.45/27 mcastgrps:224.0.0.1} changed field: 0
[INFO]	 
[INFO]	** Signal at T=0.528356487863 to SmartSubstationTopology.stationB_Camera6.ipv4.routingTable: interfaceConfigChanged eth0 ID:101 MTU:1500 UP BROADCAST NOCARRIER MULTICAST macAddr:0A-AA-00-00-00-4B Ipv4:{inet_addr:10.0.0.45/27 mcastgrps:224.0.0.1} changed field: 10
[INFO]	 
[INFO]	** Signal at T=0.528356487863 to SmartSubstationTopology.stationB_Camera7.ipv4.routingTable: interfaceStateChanged eth0 ID:101 MTU:1500 UP BROADCAST NOCARRIER MULTICAST macAddr:0A-AA-00-00-00-4C Ipv4:{inet_addr:10.0.0.46/27 mcastgrps:224.0.0.1} changed field: 0
[INFO]	 
[INFO]	** Signal at T=0.528356487863 to SmartSubstationTopology.stationB_Camera7.ipv4.configurator: interfaceStateChanged eth0 ID:101 MTU:1500 UP BROADCAST NOCARRIER MULTICAST macAddr:0A-AA-00-00-00-4C Ipv4:{inet_addr:10.0.0.46/27 mcastgrps:224.0.0.1} changed field: 0
[INFO]	 
[INFO]	** Signal at T=0.528356487863 to SmartSubstationTopology.stationB_Camera7.ipv4.routingTable: interfaceConfigChanged eth0 ID:101 MTU:1500 UP BROADCAST NOCARRIER MULTICAST macAddr:0A-AA-00-00-00-4C Ipv4:{inet_addr:10.0.0.46/27 mcastgrps:224.0.0.1} changed field: 10
[INFO]	 
[INFO]	** Signal at T=0.528356487863 to SmartSubstationTopology.stationB_Camera8.ipv4.routingTable: interfaceStateChanged eth0 ID:101 MTU:1500 UP BROADCAST NOCARRIER MULTICAST macAddr:0A-AA-00-00-00-4D Ipv4:{inet_addr:10.0.0.47/27 mcastgrps:224.0.0.1} changed field: 0
[INFO]	 
[INFO]	** Signal at T=0.528356487863 to SmartSubstationTopology.stationB_Camera8.ipv4.configurator: interfaceStateChanged eth0 ID:101 MTU:1500 UP BROADCAST NOCARRIER MULTICAST macAddr:0A-AA-00-00-00-4D Ipv4:{inet_addr:10.0.0.47/27 mcastgrps:224.0.0.1} changed field: 0
[INFO]	 
[INFO]	** Signal at T=0.528356487863 to SmartSubstationTopology.stationB_Camera8.ipv4.routingTable: interfaceConfigChanged eth0 ID:101 MTU:1500 UP BROADCAST NOCARRIER MULTICAST macAddr:0A-AA-00-00-00-4D Ipv4:{inet_addr:10.0.0.47/27 mcastgrps:224.0.0.1} changed field: 10
[INFO]	 
[INFO]	** Signal at T=0.528356487863 to SmartSubstationTopology.stationB_Camera9.ipv4.routingTable: interfaceStateChanged eth0 ID:101 MTU:1500 UP BROADCAST NOCARRIER MULTICAST macAddr:0A-AA-00-00-00-4E Ipv4:{inet_addr:10.0.0.48/27 mcastgrps:224.0.0.1} changed field: 0
[INFO]	 
[INFO]	** Signal at T=0.528356487863 to SmartSubstationTopology.stationB_Camera9.ipv4.configurator: interfaceStateChanged eth0 ID:101 MTU:1500 UP BROADCAST NOCARRIER MULTICAST macAddr:0A-AA-00-00-00-4E Ipv4:{inet_addr:10.0.0.48/27 mcastgrps:224.0.0.1} changed field: 0
[INFO]	 
[INFO]	** Signal at T=0.528356487863 to SmartSubstationTopology.stationB_Camera9.ipv4.routingTable: interfaceConfigChanged eth0 ID:101 MTU:1500 UP BROADCAST NOCARRIER MULTICAST macAddr:0A-AA-00-00-00-4E Ipv4:{inet_addr:10.0.0.48/27 mcastgrps:224.0.0.1} changed field: 10
[INFO]	 
[INFO]	** Signal at T=0.528356487863 to SmartSubstationTopology.stationB_Camera10.ipv4.routingTable: interfaceStateChanged eth0 ID:101 MTU:1500 UP BROADCAST NOCARRIER MULTICAST macAddr:0A-AA-00-00-00-4F Ipv4:{inet_addr:10.0.0.49/27 mcastgrps:224.0.0.1} changed field: 0
[INFO]	 
[INFO]	** Signal at T=0.528356487863 to SmartSubstationTopology.stationB_Camera10.ipv4.configurator: interfaceStateChanged eth0 ID:101 MTU:1500 UP BROADCAST NOCARRIER MULTICAST macAddr:0A-AA-00-00-00-4F Ipv4:{inet_addr:10.0.0.49/27 mcastgrps:224.0.0.1} changed field: 0
[INFO]	 
[INFO]	** Signal at T=0.528356487863 to SmartSubstationTopology.stationB_Camera10.ipv4.routingTable: interfaceConfigChanged eth0 ID:101 MTU:1500 UP BROADCAST NOCARRIER MULTICAST macAddr:0A-AA-00-00-00-4F Ipv4:{inet_addr:10.0.0.49/27 mcastgrps:224.0.0.1} changed field: 10
[INFO]	 
[INFO]	** Signal at T=0.528356487863 to SmartSubstationTopology.stationB_VoIP1.ipv4.routingTable: interfaceStateChanged eth0 ID:101 MTU:1500 UP BROADCAST NOCARRIER MULTICAST macAddr:0A-AA-00-00-00-50 Ipv4:{inet_addr:10.0.0.50/27 mcastgrps:224.0.0.1} changed field: 0
[INFO]	 
[INFO]	** Signal at T=0.528356487863 to SmartSubstationTopology.stationB_VoIP1.ipv4.configurator: interfaceStateChanged eth0 ID:101 MTU:1500 UP BROADCAST NOCARRIER MULTICAST macAddr:0A-AA-00-00-00-50 Ipv4:{inet_addr:10.0.0.50/27 mcastgrps:224.0.0.1} changed field: 0
[INFO]	 
[INFO]	** Signal at T=0.528356487863 to SmartSubstationTopology.stationB_VoIP1.ipv4.routingTable: interfaceConfigChanged eth0 ID:101 MTU:1500 UP BROADCAST NOCARRIER MULTICAST macAddr:0A-AA-00-00-00-50 Ipv4:{inet_addr:10.0.0.50/27 mcastgrps:224.0.0.1} changed field: 10
[INFO]	 
[INFO]	** Signal at T=0.528356487863 to SmartSubstationTopology.stationB_VoIP2.ipv4.routingTable: interfaceStateChanged eth0 ID:101 MTU:1500 UP BROADCAST NOCARRIER MULTICAST macAddr:0A-AA-00-00-00-51 Ipv4:{inet_addr:10.0.0.51/27 mcastgrps:224.0.0.1} changed field: 0
[INFO]	 
[INFO]	** Signal at T=0.528356487863 to SmartSubstationTopology.stationB_VoIP2.ipv4.configurator: interfaceStateChanged eth0 ID:101 MTU:1500 UP BROADCAST NOCARRIER MULTICAST macAddr:0A-AA-00-00-00-51 Ipv4:{inet_addr:10.0.0.51/27 mcastgrps:224.0.0.1} changed field: 0
[INFO]	 
[INFO]	** Signal at T=0.528356487863 to SmartSubstationTopology.stationB_VoIP2.ipv4.routingTable: interfaceConfigChanged eth0 ID:101 MTU:1500 UP BROADCAST NOCARRIER MULTICAST macAddr:0A-AA-00-00-00-51 Ipv4:{inet_addr:10.0.0.51/27 mcastgrps:224.0.0.1} changed field: 10
[INFO]	 
[INFO]	** Signal at T=0.528356487863 to SmartSubstationTopology.stationB_OMServer.ipv4.routingTable: interfaceStateChanged eth0 ID:101 MTU:1500 UP BROADCAST NOCARRIER MULTICAST macAddr:0A-AA-00-00-00-52 Ipv4:{inet_addr:10.0.0.52/27 mcastgrps:224.0.0.1} changed field: 0
[INFO]	 
[INFO]	** Signal at T=0.528356487863 to SmartSubstationTopology.stationB_OMServer.ipv4.configurator: interfaceStateChanged eth0 ID:101 MTU:1500 UP BROADCAST NOCARRIER MULTICAST macAddr:0A-AA-00-00-00-52 Ipv4:{inet_addr:10.0.0.52/27 mcastgrps:224.0.0.1} changed field: 0
[INFO]	 
[INFO]	** Signal at T=0.528356487863 to SmartSubstationTopology.stationB_OMServer.ipv4.routingTable: interfaceConfigChanged eth0 ID:101 MTU:1500 UP BROADCAST NOCARRIER MULTICAST macAddr:0A-AA-00-00-00-52 Ipv4:{inet_addr:10.0.0.52/27 mcastgrps:224.0.0.1} changed field: 10
[INFO]	 
[INFO]	** Signal at T=0.528356487863 to SmartSubstationTopology.borderGateway2.ipv4.routingTable: interfaceStateChanged eth0 ID:102 MTU:1500 UP BROADCAST NOCARRIER MULTICAST macAddr:0A-AA-00-00-00-54 Ipv4:{inet_addr:10.0.0.53/27 mcastgrps:224.0.0.1,224.0.0.2} changed field: 0
[INFO]	 
[INFO]	** Signal at T=0.528356487863 to SmartSubstationTopology.borderGateway2.ipv4.configurator: interfaceStateChanged eth0 ID:102 MTU:1500 UP BROADCAST NOCARRIER MULTICAST macAddr:0A-AA-00-00-00-54 Ipv4:{inet_addr:10.0.0.53/27 mcastgrps:224.0.0.1,224.0.0.2} changed field: 0
[INFO]	 
[INFO]	** Signal at T=0.528356487863 to SmartSubstationTopology.borderGateway2.ipv4.routingTable: interfaceConfigChanged eth0 ID:102 MTU:1500 UP BROADCAST NOCARRIER MULTICAST macAddr:0A-AA-00-00-00-54 Ipv4:{inet_addr:10.0.0.53/27 mcastgrps:224.0.0.1,224.0.0.2} changed field: 10
[INFO]	 
[INFO]	Clear all sockets
[INFO]	Clear all sockets
[INFO]	Clear all sockets
[INFO]	Clear all sockets
[INFO]	Clear all sockets
[INFO]	Clear all sockets
[INFO]	Clear all sockets
[INFO]	Clear all sockets
[INFO]	Clear all sockets
[INFO]	Clear all sockets
[INFO]	Clear all sockets
[INFO]	Clear all sockets
[INFO]	Clear all sockets
undisposed object: (inet::Packet) SmartSubstationTopology.stationB_Camera6.udp.Video_Stream-0 -- check module destructor
[INFO]	Clear all sockets
[INFO]	Clear all sockets
[INFO]	Clear all sockets
[INFO]	Clear all sockets
[INFO]	Clear all sockets
[INFO]	Clear all sockets
[INFO]	Clear all sockets
[INFO]	** Signal at T=0.528356487863 to SmartSubstationTopology.otnDevice.ipv4.routingTable: interfaceStateChanged ppp0 ID:101 MTU:4470 UP NOCARRIER MULTICAST POINTTOPOINT macAddr:n/a Ipv4:{inet_addr:10.0.0.66/30 mcastgrps:224.0.0.1,224.0.0.2} changed field: 0
[INFO]	 
[INFO]	** Signal at T=0.528356487863 to SmartSubstationTopology.otnDevice.ipv4.configurator: interfaceStateChanged ppp0 ID:101 MTU:4470 UP NOCARRIER MULTICAST POINTTOPOINT macAddr:n/a Ipv4:{inet_addr:10.0.0.66/30 mcastgrps:224.0.0.1,224.0.0.2} changed field: 0
[INFO]	 
[INFO]	** Signal at T=0.528356487863 to SmartSubstationTopology.borderGateway1.ipv4.routingTable: interfaceStateChanged ppp0 ID:101 MTU:4470 UP NOCARRIER MULTICAST POINTTOPOINT macAddr:n/a Ipv4:{inet_addr:10.0.0.65/30 mcastgrps:224.0.0.1,224.0.0.2} changed field: 0
[INFO]	 
[INFO]	** Signal at T=0.528356487863 to SmartSubstationTopology.borderGateway1.ipv4.configurator: interfaceStateChanged ppp0 ID:101 MTU:4470 UP NOCARRIER MULTICAST POINTTOPOINT macAddr:n/a Ipv4:{inet_addr:10.0.0.65/30 mcastgrps:224.0.0.1,224.0.0.2} changed field: 0
[INFO]	 
[INFO]	Clear all sockets
[INFO]	** Signal at T=0.528356487863 to SmartSubstationTopology.otnDevice.ipv4.routingTable: interfaceStateChanged ppp1 ID:102 MTU:4470 UP NOCARRIER MULTICAST POINTTOPOINT macAddr:n/a Ipv4:{inet_addr:10.0.0.70/30 mcastgrps:224.0.0.1,224.0.0.2} changed field: 0
[INFO]	 
[INFO]	** Signal at T=0.528356487863 to SmartSubstationTopology.otnDevice.ipv4.configurator: interfaceStateChanged ppp1 ID:102 MTU:4470 UP NOCARRIER MULTICAST POINTTOPOINT macAddr:n/a Ipv4:{inet_addr:10.0.0.70/30 mcastgrps:224.0.0.1,224.0.0.2} changed field: 0
[INFO]	 
[INFO]	** Signal at T=0.528356487863 to SmartSubstationTopology.borderGateway2.ipv4.routingTable: interfaceStateChanged ppp0 ID:101 MTU:4470 UP NOCARRIER MULTICAST POINTTOPOINT macAddr:n/a Ipv4:{inet_addr:10.0.0.69/30 mcastgrps:224.0.0.1,224.0.0.2} changed field: 0
[INFO]	 
[INFO]	** Signal at T=0.528356487863 to SmartSubstationTopology.borderGateway2.ipv4.configurator: interfaceStateChanged ppp0 ID:101 MTU:4470 UP NOCARRIER MULTICAST POINTTOPOINT macAddr:n/a Ipv4:{inet_addr:10.0.0.69/30 mcastgrps:224.0.0.1,224.0.0.2} changed field: 0
[INFO]	 
[INFO]	Clear all sockets
[INFO]	Clear all sockets

End.
